// Jest Snapshot v1, https://goo.gl/fbAQLP

exports[`App page is working fine renders App 1`] = `<option />`;
